<html>
<body>
<pre>
<h1>µVision Build Log</h1>
<h2>Project:</h2>
C:\Users\Prashanth\OneDrive\Desktop\MAJOR\FUEL NODE\FUEL_NODE.uvproj
Project File Date:  05/20/2026

<h2>Output:</h2>
Rebuild target 'Target 1'
assembling Startup.s...
compiling delay.c...
compiling adc.c...
compiling fuel_node.c...
compiling can.c...
linking...
Program Size: Code=3052 RO-data=16 RW-data=0 ZI-data=1272  
FromELF: creating hex file...
".\FUEL_NODE.axf" - 0 Error(s), 0 Warning(s).
</pre>
</body>
</html>
